prefetch OFF  trunk mmap
k3-model-equation.md in C, layers 0..92
  layer  0  KDA dense  0.14s
  layer  1  KDA MoE    0.06s
  layer  2  KDA MoE    0.06s
  layer  3  MLA MoE    0.04s
  layer  4  KDA MoE    0.06s
  layer  5  KDA MoE    0.06s
  layer  6  KDA MoE    0.06s
  layer  7  MLA MoE    0.04s
  layer  8  KDA MoE    0.06s
  layer  9  KDA MoE    0.06s
  layer 10  KDA MoE    0.06s
  layer 11  MLA MoE    0.04s
  layer 12  KDA MoE    0.06s
  layer 13  KDA MoE    0.11s
  layer 14  KDA MoE    0.12s
  layer 15  MLA MoE    0.09s
  layer 16  KDA MoE    0.12s
  layer 17  KDA MoE    0.15s
  layer 18  KDA MoE    0.13s
  layer 19  MLA MoE    0.09s
  layer 20  KDA MoE    0.12s
  layer 21  KDA MoE    0.12s
  layer 22  KDA MoE    0.13s
  layer 23  MLA MoE    0.09s
  layer 24  KDA MoE    0.12s
  layer 25  KDA MoE    0.13s
  layer 26  KDA MoE    0.13s
  layer 27  MLA MoE    0.09s
  layer 28  KDA MoE    0.12s
  layer 29  KDA MoE    0.13s
  layer 30  KDA MoE    0.12s
  layer 31  MLA MoE    0.09s
  layer 32  KDA MoE    0.12s
  layer 33  KDA MoE    0.13s
  layer 34  KDA MoE    0.12s
  layer 35  MLA MoE    0.09s
  layer 36  KDA MoE    0.13s
  layer 37  KDA MoE    0.13s
  layer 38  KDA MoE    0.12s
  layer 39  MLA MoE    0.09s
  layer 40  KDA MoE    0.12s
  layer 41  KDA MoE    0.12s
  layer 42  KDA MoE    0.13s
  layer 43  MLA MoE    0.09s
  layer 44  KDA MoE    0.13s
  layer 45  KDA MoE    0.12s
  layer 46  KDA MoE    0.13s
  layer 47  MLA MoE    0.08s
  layer 48  KDA MoE    0.13s
  layer 49  KDA MoE    0.13s
  layer 50  KDA MoE    0.12s
  layer 51  MLA MoE    0.09s
  layer 52  KDA MoE    0.12s
  layer 53  KDA MoE    0.13s
  layer 54  KDA MoE    0.06s
  layer 55  MLA MoE    0.04s
  layer 56  KDA MoE    0.07s
  layer 57  KDA MoE    0.07s
  layer 58  KDA MoE    0.07s
  layer 59  MLA MoE    0.04s
  layer 60  KDA MoE    0.06s
  layer 61  KDA MoE    0.06s
  layer 62  KDA MoE    0.06s
  layer 63  MLA MoE    0.04s
  layer 64  KDA MoE    0.06s
  layer 65  KDA MoE    0.06s
  layer 66  KDA MoE    0.06s
  layer 67  MLA MoE    0.04s
  layer 68  KDA MoE    0.06s
  layer 69  KDA MoE    0.06s
  layer 70  KDA MoE    0.06s
  layer 71  MLA MoE    0.04s
  layer 72  KDA MoE    0.06s
  layer 73  KDA MoE    0.06s
  layer 74  KDA MoE    0.06s
  layer 75  MLA MoE    0.04s
  layer 76  KDA MoE    0.06s
  layer 77  KDA MoE    0.06s
  layer 78  KDA MoE    0.06s
  layer 79  MLA MoE    0.04s
  layer 80  KDA MoE    0.06s
  layer 81  KDA MoE    0.06s
  layer 82  KDA MoE    0.06s
  layer 83  MLA MoE    0.04s
  layer 84  KDA MoE    0.06s
  layer 85  KDA MoE    0.06s
  layer 86  KDA MoE    0.06s
  layer 87  MLA MoE    0.04s
  layer 88  KDA MoE    0.06s
  layer 89  KDA MoE    0.06s
  layer 90  KDA MoE    0.06s
  layer 91  MLA MoE    0.04s
NORMALIZATION_PASS	france	5	35840	21504
  layer 92  MLA MoE    0.04s
prefetch OFF  trunk mmap
k3-model-equation.md in C, layers 0..92
  layer  0  KDA dense  0.12s
  layer  1  KDA MoE    0.06s
  layer  2  KDA MoE    0.06s
  layer  3  MLA MoE    0.04s
  layer  4  KDA MoE    0.06s
  layer  5  KDA MoE    0.06s
  layer  6  KDA MoE    0.06s
  layer  7  MLA MoE    0.04s
  layer  8  KDA MoE    0.06s
  layer  9  KDA MoE    0.06s
  layer 10  KDA MoE    0.06s
  layer 11  MLA MoE    0.04s
  layer 12  KDA MoE    0.06s
  layer 13  KDA MoE    0.06s
  layer 14  KDA MoE    0.06s
  layer 15  MLA MoE    0.04s
  layer 16  KDA MoE    0.06s
  layer 17  KDA MoE    0.06s
  layer 18  KDA MoE    0.06s
  layer 19  MLA MoE    0.04s
  layer 20  KDA MoE    0.06s
  layer 21  KDA MoE    0.06s
  layer 22  KDA MoE    0.06s
  layer 23  MLA MoE    0.04s
  layer 24  KDA MoE    0.06s
  layer 25  KDA MoE    0.06s
  layer 26  KDA MoE    0.06s
  layer 27  MLA MoE    0.04s
  layer 28  KDA MoE    0.06s
  layer 29  KDA MoE    0.06s
  layer 30  KDA MoE    0.06s
  layer 31  MLA MoE    0.04s
  layer 32  KDA MoE    0.06s
  layer 33  KDA MoE    0.06s
  layer 34  KDA MoE    0.06s
  layer 35  MLA MoE    0.04s
  layer 36  KDA MoE    0.06s
  layer 37  KDA MoE    0.06s
  layer 38  KDA MoE    0.06s
  layer 39  MLA MoE    0.04s
  layer 40  KDA MoE    0.06s
  layer 41  KDA MoE    0.06s
  layer 42  KDA MoE    0.06s
  layer 43  MLA MoE    0.04s
  layer 44  KDA MoE    0.06s
  layer 45  KDA MoE    0.06s
  layer 46  KDA MoE    0.06s
  layer 47  MLA MoE    0.04s
  layer 48  KDA MoE    0.06s
  layer 49  KDA MoE    0.06s
  layer 50  KDA MoE    0.06s
  layer 51  MLA MoE    0.04s
  layer 52  KDA MoE    0.06s
  layer 53  KDA MoE    0.06s
  layer 54  KDA MoE    0.06s
  layer 55  MLA MoE    0.04s
  layer 56  KDA MoE    0.06s
  layer 57  KDA MoE    0.06s
  layer 58  KDA MoE    0.06s
  layer 59  MLA MoE    0.04s
  layer 60  KDA MoE    0.06s
  layer 61  KDA MoE    0.06s
  layer 62  KDA MoE    0.06s
  layer 63  MLA MoE    0.04s
  layer 64  KDA MoE    0.06s
  layer 65  KDA MoE    0.06s
  layer 66  KDA MoE    0.06s
  layer 67  MLA MoE    0.04s
  layer 68  KDA MoE    0.06s
  layer 69  KDA MoE    0.06s
  layer 70  KDA MoE    0.06s
  layer 71  MLA MoE    0.04s
  layer 72  KDA MoE    0.06s
  layer 73  KDA MoE    0.06s
  layer 74  KDA MoE    0.06s
  layer 75  MLA MoE    0.04s
  layer 76  KDA MoE    0.06s
  layer 77  KDA MoE    0.06s
  layer 78  KDA MoE    0.06s
  layer 79  MLA MoE    0.04s
  layer 80  KDA MoE    0.06s
  layer 81  KDA MoE    0.06s
  layer 82  KDA MoE    0.06s
  layer 83  MLA MoE    0.04s
  layer 84  KDA MoE    0.06s
  layer 85  KDA MoE    0.06s
  layer 86  KDA MoE    0.06s
  layer 87  MLA MoE    0.04s
  layer 88  KDA MoE    0.06s
  layer 89  KDA MoE    0.06s
  layer 90  KDA MoE    0.06s
  layer 91  MLA MoE    0.04s
NORMALIZATION_PASS	japan	5	35840	21504
  layer 92  MLA MoE    0.04s
